foo(
    name = "foo",
    srcs = [bar],
)

aaa

bbb

ccc

def function(
    # This shouldn't mess with indentation counting
    x, y = z
):
  aaa
  bbb
  def g(a, s, d):
    ccc
# Misalingned comments
      # are not a syntax error
    ddd
    def h(a, s = d):   # this is h
      eee

    def k(g): g += 1; return g

    def i():
      def j():
        return h([1],
                 [2]) # returns h

  return u()

bar

def a():
  return
