# buildifier: table sort 1
manifest = [
   ("a",  "b",  "c"),
   ("ab", "bc", "cd"),
   ("",   "",    ""),
]
