# buildifier: table nosort
manifest = [
   ("a",  "b",  "c"),
   ("ab", "bc", "cd"),
   ("",   "",   "")
]
