# buildifier: table
manifest = [
   ("",   "",   ""),
   ("ab", "bc", "cd"),
   ("a",  "b",  "c")
]
