# buildifier: table nosort
manifest = [
    ("",   "",   ""),
    ("ab", "bc", "cd"),
    ("a",  "b",  "c"),
]
